Valid Classes - Total: 4
Class: SingleLine [SingleLine.java]
	SLOC: 14
	SLOC (without comments): 12
Class: MultiLine [MultiLine.java]
	SLOC: 17
	SLOC (without comments): 11
Class: LeadingComments [LeadingComments.java]
	SLOC: 22
	SLOC (without comments): 11
Class: PackageAndImports [PackageAndImports.java]
	SLOC: 23
	SLOC (without comments): 16
Total SLOC: 76
Total SLOC (without comments): 50
Invalid Classes:
BadClass.java
